warning: `package.homepage` is redundant with `package.repository`
 --> napi\Cargo.toml:8:1
  |
7 | repository.workspace = true
  | ----------
8 | homepage.workspace = true
  | ^^^^^^^^
  |
  = note: `cargo::redundant_homepage` is set to `warn` by default
help: consider removing `package.homepage`
warning: `componentize-qjs-napi` (manifest) generated 1 warning
warning: `package.homepage` is redundant with `package.repository`
 --> crates\core\Cargo.toml:9:1
  |
8 | repository.workspace = true
  | ----------
9 | homepage.workspace = true
  | ^^^^^^^^
  |
  = note: `cargo::redundant_homepage` is set to `warn` by default
help: consider removing `package.homepage`
warning: `componentize-qjs` (manifest) generated 1 warning
warning: `package.homepage` is redundant with `package.repository`
 --> crates\runtime\Cargo.toml:8:1
  |
7 | repository.workspace = true
  | ----------
8 | homepage.workspace = true
  | ^^^^^^^^
  |
  = note: `cargo::redundant_homepage` is set to `warn` by default
help: consider removing `package.homepage`
warning: `componentize-qjs-runtime` (manifest) generated 1 warning
warning: `package.homepage` is redundant with `package.repository`
  --> Cargo.toml:32:1
   |
31 | repository.workspace = true
   | ----------
32 | homepage.workspace = true
   | ^^^^^^^^
   |
   = note: `cargo::redundant_homepage` is set to `warn` by default
help: consider removing `package.homepage`
warning: `componentize-qjs-cli` (manifest) generated 1 warning
   Compiling compiler_builtins v0.1.160 (C:\Users\ADMIN\AppData\Local\Temp\kyoko-p3-native-toolchain\rustup\toolchains\nightly-2026-09-27-x86_64-pc-windows-msvc\lib\rustlib\src\rust\library\compiler-builtins\compiler-builtins)
   Compiling core v0.0.0 (C:\Users\ADMIN\AppData\Local\Temp\kyoko-p3-native-toolchain\rustup\toolchains\nightly-2026-09-27-x86_64-pc-windows-msvc\lib\rustlib\src\rust\library\core)
   Compiling libc v0.2.189
   Compiling wit-bindgen v0.62.0
   Compiling object v0.39.1
   Compiling std v0.0.0 (C:\Users\ADMIN\AppData\Local\Temp\kyoko-p3-native-toolchain\rustup\toolchains\nightly-2026-09-27-x86_64-pc-windows-msvc\lib\rustlib\src\rust\library\std)
   Compiling wit-bindgen v0.61.1
   Compiling rquickjs-sys v0.13.0
   Compiling rustc-std-workspace-core v1.99.0 (C:\Users\ADMIN\AppData\Local\Temp\kyoko-p3-native-toolchain\rustup\toolchains\nightly-2026-09-27-x86_64-pc-windows-msvc\lib\rustlib\src\rust\library\rustc-std-workspace-core)
   Compiling alloc v0.0.0 (C:\Users\ADMIN\AppData\Local\Temp\kyoko-p3-native-toolchain\rustup\toolchains\nightly-2026-09-27-x86_64-pc-windows-msvc\lib\rustlib\src\rust\library\alloc)
   Compiling memchr v2.8.3
   Compiling adler2 v2.0.1
   Compiling rustc-demangle v0.1.28
   Compiling cfg-if v1.0.4
   Compiling rustc-literal-escaper v0.0.8
   Compiling unwind v0.0.0 (C:\Users\ADMIN\AppData\Local\Temp\kyoko-p3-native-toolchain\rustup\toolchains\nightly-2026-09-27-x86_64-pc-windows-msvc\lib\rustlib\src\rust\library\unwind)
   Compiling rustc-std-workspace-alloc v1.99.0 (C:\Users\ADMIN\AppData\Local\Temp\kyoko-p3-native-toolchain\rustup\toolchains\nightly-2026-09-27-x86_64-pc-windows-msvc\lib\rustlib\src\rust\library\rustc-std-workspace-alloc)
   Compiling panic_abort v0.0.0 (C:\Users\ADMIN\AppData\Local\Temp\kyoko-p3-native-toolchain\rustup\toolchains\nightly-2026-09-27-x86_64-pc-windows-msvc\lib\rustlib\src\rust\library\panic_abort)
   Compiling panic_unwind v0.0.0 (C:\Users\ADMIN\AppData\Local\Temp\kyoko-p3-native-toolchain\rustup\toolchains\nightly-2026-09-27-x86_64-pc-windows-msvc\lib\rustlib\src\rust\library\panic_unwind)
   Compiling gimli v0.34.0
   Compiling miniz_oxide v0.9.1
   Compiling hashbrown v0.17.1
   Compiling std_detect v0.1.5 (C:\Users\ADMIN\AppData\Local\Temp\kyoko-p3-native-toolchain\rustup\toolchains\nightly-2026-09-27-x86_64-pc-windows-msvc\lib\rustlib\src\rust\library\std_detect)
   Compiling wasip3 v0.9.0+wasi-0.3.0
   Compiling addr2line v0.27.1
   Compiling proc_macro v0.0.0 (C:\Users\ADMIN\AppData\Local\Temp\kyoko-p3-native-toolchain\rustup\toolchains\nightly-2026-09-27-x86_64-pc-windows-msvc\lib\rustlib\src\rust\library\proc_macro)
   Compiling equivalent v1.0.2
   Compiling foldhash v0.2.0
   Compiling allocator-api2 v0.2.21
   Compiling relative-path v2.0.1
   Compiling bitflags v2.13.0
   Compiling smallvec v1.15.2
   Compiling num_enum v0.7.6
   Compiling heck v0.5.0
   Compiling wit-dylib-ffi v0.1.0 (https://github.com/bytecodealliance/wasm-tools?tag=v1.258.0#5c6d31c7)
   Compiling rquickjs-core v0.13.0
   Compiling indexmap v2.14.1
   Compiling rquickjs v0.13.0
   Compiling componentize-qjs-runtime v0.4.5 (C:\Users\ADMIN\AppData\Local\Temp\kyoko-p3-native-toolchain\qjs-port\crates\runtime)
    Finished `release` profile [optimized] target(s) in 37.08s
