 Downloading crates ...
  Downloaded beef v0.5.2
  Downloaded castaway v0.2.4
  Downloaded directories-next v2.0.0
  Downloaded cranelift-codegen-shared v0.134.4
  Downloaded cranelift-srcgen v0.134.4
  Downloaded cranelift-assembler-x64 v0.134.4
  Downloaded dirs-sys-next v0.1.2
  Downloaded cranelift-control v0.134.4
  Downloaded debugid v0.8.0
  Downloaded cranelift-bitset v0.134.4
  Downloaded cranelift-bforest v0.134.4
  Downloaded cranelift-native v0.134.4
  Downloaded fast-glob v1.0.1
  Downloaded cranelift-entity v0.134.4
  Downloaded cap-fs-ext v4.0.3
  Downloaded float-cmp v0.10.0
  Downloaded cranelift-assembler-x64-meta v0.134.4
  Downloaded arrayvec v0.7.7
  Downloaded cap-std v4.0.3
  Downloaded cranelift-frontend v0.134.4
  Downloaded compact_str v0.10.0
  Downloaded cranelift-codegen-meta v0.134.4
  Downloaded cranelift-isle v0.134.4
  Downloaded fxprof-processed-profile v0.8.1
  Downloaded halfbrown v0.4.0
  Downloaded cranelift-codegen v0.134.4
  Downloaded ittapi v0.4.0
  Downloaded ittapi-sys v0.4.0
  Downloaded json-strip-comments v3.1.1
  Downloaded logos-codegen v0.14.4
  Downloaded logos-derive v0.14.4
  Downloaded logos v0.14.4
  Downloaded nodejs-built-in-modules v1.0.0
  Downloaded oxc_resolver v11.24.3
  Downloaded petgraph v0.6.5
  Downloaded pulley-macros v47.0.4
  Downloaded pulley-interpreter v47.0.4
  Downloaded rand v0.10.1
  Downloaded regalloc2 v0.15.1
  Downloaded simd-json v0.18.1
  Downloaded ureq v3.4.0
  Downloaded ureq-proto v0.6.1
  Downloaded wasm-compose v0.252.0
  Downloaded value-trait v0.12.1
  Downloaded wasmtime-internal-cache v47.0.4
  Downloaded wasmtime-internal-component-util v47.0.4
  Downloaded wasmtime-internal-wit-bindgen v47.0.4
  Downloaded wasmtime-internal-core v47.0.4
  Downloaded wasmtime-internal-jit-debug v47.0.4
  Downloaded wasmtime-internal-jit-icache-coherence v47.0.4
  Downloaded wasmtime-internal-versioned-export-macros v47.0.4
  Downloaded wat v1.258.0
  Downloaded wasm-compose v0.258.0
  Downloaded wasmtime-internal-fiber v47.0.4
  Downloaded wasmtime-internal-unwinder v47.0.4
  Downloaded wasmtime-wasi-io v47.0.4
  Downloaded wasmprinter v0.252.0
  Downloaded wasm-wave v0.252.0
  Downloaded wasmtime-wizer v47.0.4
  Downloaded wasm-encoder v0.252.0
  Downloaded wasmtime-internal-component-macro v47.0.4
  Downloaded wast v258.0.0
  Downloaded wasmtime-environ v47.0.4
  Downloaded wasmtime-wasi v47.0.4
  Downloaded wasmtime-internal-cranelift v47.0.4
  Downloaded wasmparser v0.252.0
  Downloaded wasmtime v47.0.4
  Downloaded wasi-preview1-component-adapter-provider v47.0.4
  Downloaded wit-parser v0.252.0
  Downloaded wit-dylib v0.258.0
   Compiling proc-macro2 v1.0.106
   Compiling unicode-ident v1.0.24
   Compiling quote v1.0.46
   Compiling serde_core v1.0.228
   Compiling cfg-if v1.0.4
   Compiling foldhash v0.2.0
   Compiling serde v1.0.228
   Compiling equivalent v1.0.2
   Compiling getrandom v0.3.4
   Compiling anyhow v1.0.104
   Compiling windows-link v0.2.1
   Compiling log v0.4.33
   Compiling find-msvc-tools v0.1.9
   Compiling shlex v2.0.1
   Compiling bitflags v2.13.0
   Compiling libm v0.2.16
   Compiling allocator-api2 v0.2.21
   Compiling memchr v2.8.2
   Compiling itoa v1.0.18
   Compiling version_check v0.9.5
   Compiling windows-sys v0.61.2
   Compiling hashbrown v0.17.1
   Compiling zmij v1.0.21
   Compiling wasmtime-internal-core v47.0.4
   Compiling leb128fmt v0.1.0
   Compiling thiserror v2.0.18
   Compiling typenum v1.20.1
   Compiling hashbrown v0.16.1
   Compiling generic-array v0.14.7
   Compiling crc32fast v1.5.0
   Compiling cranelift-srcgen v0.134.4
   Compiling heck v0.5.0
   Compiling jobserver v0.1.34
   Compiling bumpalo v3.20.3
   Compiling cranelift-assembler-x64-meta v0.134.4
   Compiling fnv v1.0.7
   Compiling stable_deref_trait v1.2.1
   Compiling target-lexicon v0.13.5
   Compiling serde_json v1.0.150
   Compiling cpufeatures v0.2.17
   Compiling cranelift-isle v0.134.4
   Compiling cc v1.2.65
   Compiling id-arena v2.3.0
   Compiling rustc-hash v2.1.2
   Compiling object v0.39.1
   Compiling cranelift-codegen-shared v0.134.4
   Compiling crossbeam-utils v0.8.21
   Compiling windows_x86_64_msvc v0.52.6
   Compiling pkg-config v0.3.33
   Compiling cpp_demangle v0.5.1
   Compiling arbitrary v1.4.2
   Compiling wasmtime-internal-component-util v47.0.4
   Compiling bytes v1.12.1
   Compiling cranelift-assembler-x64 v0.134.4
   Compiling syn v2.0.118
   Compiling semver v1.0.28
   Compiling block-buffer v0.10.4
   Compiling crypto-common v0.1.7
   Compiling cranelift-bitset v0.134.4
   Compiling rustc-demangle v0.1.27
   Compiling unicode-width v0.2.2
   Compiling zstd-sys v2.0.16+zstd.1.5.7
   Compiling once_cell v1.21.4
   Compiling digest v0.10.7
   Compiling winapi v0.3.9
   Compiling pin-project-lite v0.2.17
   Compiling cranelift-control v0.134.4
   Compiling ring v0.17.14
   Compiling windows-targets v0.52.6
   Compiling getrandom v0.4.3
   Compiling rand_core v0.10.1
   Compiling indexmap v2.14.1
   Compiling sha2 v0.10.9
   Compiling winapi-util v0.1.11
   Compiling zstd-safe v7.2.4
   Compiling regex-syntax v0.8.11
   Compiling lazy_static v1.5.0
   Compiling litemap v0.8.2
   Compiling writeable v0.6.3
   Compiling beef v0.5.2
   Compiling termcolor v1.4.1
   Compiling windows-sys v0.52.0
   Compiling crossbeam-epoch v0.9.18
   Compiling ittapi-sys v0.4.0
   Compiling wasmparser v0.252.0
   Compiling gimli v0.33.0
   Compiling wasmparser v0.258.0
   Compiling rayon-core v1.13.0
   Compiling wasmtime-internal-unwinder v47.0.4
   Compiling fixedbitset v0.4.2
   Compiling winnow v1.0.3
   Compiling either v1.16.0
   Compiling icu_normalizer_data v2.2.0
   Compiling autocfg v1.5.1
   Compiling io-lifetimes v3.0.1
   Compiling utf8_iter v1.0.4
   Compiling percent-encoding v2.3.2
   Compiling futures-core v0.3.32
   Compiling futures-sink v0.3.32
   Compiling zeroize v1.9.0
   Compiling icu_properties_data v2.2.0
   Compiling io-lifetimes v2.0.4
   Compiling num-traits v0.2.19
   Compiling toml_parser v1.1.2+spec-1.1.0
   Compiling serde_derive v1.0.228
   Compiling thiserror-impl v2.0.18
   Compiling synstructure v0.13.2
   Compiling pulley-macros v47.0.4
   Compiling wasmtime-internal-versioned-export-macros v47.0.4
   Compiling zerovec-derive v0.11.3
   Compiling displaydoc v0.2.6
   Compiling logos-codegen v0.14.4
   Compiling wasmtime-internal-fiber v47.0.4
   Compiling pulley-interpreter v47.0.4
   Compiling wasmtime-internal-jit-debug v47.0.4
   Compiling zerofrom-derive v0.1.7
   Compiling yoke-derive v0.8.2
   Compiling dirs-sys-next v0.1.2
   Compiling rustls-pki-types v1.14.1
   Compiling futures-channel v0.3.32
   Compiling cobs v0.3.0
   Compiling windows-interface v0.59.3
   Compiling windows-implement v0.60.2
   Compiling petgraph v0.6.5
   Compiling zerofrom v0.1.8
   Compiling crossbeam-deque v0.8.6
   Compiling toml_datetime v0.7.5+spec-1.1.0
   Compiling serde_spanned v1.1.1
   Compiling logos-derive v0.14.4
   Compiling windows-result v0.4.1
   Compiling yoke v0.8.3
   Compiling windows-strings v0.5.1
   Compiling getrandom v0.2.17
   Compiling wasmtime-internal-cranelift v47.0.4
   Compiling libc v0.2.186
   Compiling httparse v1.10.1
   Compiling wasmtime-internal-component-macro v47.0.4
   Compiling toml_writer v1.1.1+spec-1.1.0
   Compiling wasmtime-internal-cache v47.0.4
   Compiling uuid v1.23.4
   Compiling zerovec v0.11.6
   Compiling cranelift-codegen-meta v0.134.4
   Compiling zerotrie v0.2.4
   Compiling untrusted v0.9.0
   Compiling smallvec v1.15.2
   Compiling postcard v1.1.3
   Compiling futures-io v0.3.32
   Compiling futures-task v0.3.32
   Compiling slab v0.4.12
   Compiling io-extras v0.19.0
   Compiling regalloc2 v0.15.1
   Compiling winnow v0.7.15
   Compiling debugid v0.8.0
   Compiling futures-util v0.3.32
   Compiling zstd v0.13.3
   Compiling tinystr v0.8.3
   Compiling potential_utf v0.1.5
   Compiling wit-parser v0.252.0
   Compiling windows-core v0.62.2
   Compiling cranelift-entity v0.134.4
   Compiling icu_locale_core v2.2.0
   Compiling icu_collections v2.2.0
   Compiling logos v0.14.4
   Compiling wasm-encoder v0.258.0
   Compiling cranelift-bforest v0.134.4
   Compiling directories-next v2.0.0
   Compiling cranelift-codegen v0.134.4
   Compiling toml v0.9.12+spec-1.1.0
   Compiling wasmtime v47.0.4
   Compiling itertools v0.14.0
   Compiling rustversion v1.0.22
   Compiling rustls v0.23.41
   Compiling adler2 v2.0.1
   Compiling icu_provider v2.2.0
   Compiling simd-adler32 v0.3.9
   Compiling base64 v0.22.1
   Compiling wast v258.0.0
   Compiling cap-primitives v4.0.3
   Compiling fastrand v2.4.1
   Compiling rustls-webpki v0.103.13
   Compiling miniz_oxide v0.9.1
   Compiling tempfile v3.27.0
   Compiling icu_normalizer v2.2.0
   Compiling fs-set-times v0.20.3
   Compiling rayon v1.12.0
   Compiling wasmtime-internal-wit-bindgen v47.0.4
   Compiling ittapi v0.4.0
   Compiling fxprof-processed-profile v0.8.1
   Compiling wasmtime-internal-jit-icache-coherence v47.0.4
   Compiling addr2line v0.26.1
   Compiling async-trait v0.1.89
   Compiling tracing-attributes v0.1.31
   Compiling winx v0.36.4
   Compiling tracing-core v0.1.36
   Compiling futures v0.3.32
   Compiling http v1.4.2
   Compiling encoding_rs v0.8.35
   Compiling ambient-authority v0.0.2
   Compiling subtle v2.6.1
   Compiling ref-cast v1.0.25
   Compiling maybe-owned v0.3.4
   Compiling cap-std v4.0.3
   Compiling parking_lot_core v0.9.12
   Compiling base64 v0.23.1
   Compiling ipnet v2.12.0
   Compiling wasm-encoder v0.252.0
   Compiling wasmprinter v0.252.0
   Compiling icu_properties v2.2.0
   Compiling tracing v0.1.44
   Compiling flate2 v1.1.10
   Compiling float-cmp v0.10.0
   Compiling webpki-roots v1.0.8
   Compiling ureq-proto v0.6.1
   Compiling ref-cast-impl v1.0.25
   Compiling halfbrown v0.4.0
   Compiling windows-threading v0.2.1
   Compiling filetime v0.2.29
   Compiling cap-fs-ext v4.0.3
   Compiling scopeguard v1.2.0
   Compiling cpufeatures v0.3.0
   Compiling ryu v1.0.23
   Compiling rustix v1.1.4
   Compiling utf8-zero v0.8.1
   Compiling windows-future v0.3.2
   Compiling tar v0.4.46
   Compiling lock_api v0.4.14
   Compiling chacha20 v0.10.1
   Compiling idna_adapter v1.2.2
   Compiling value-trait v0.12.1
   Compiling castaway v0.2.4
   Compiling windows-numerics v0.3.1
   Compiling idna v1.1.0
   Compiling windows-collections v0.3.2
   Compiling wit-parser v0.258.0
   Compiling wasmtime-environ v47.0.4
   Compiling wat v1.258.0
   Compiling tokio-macros v2.7.0
   Compiling form_urlencoded v1.2.2
   Compiling socket2 v0.6.4
   Compiling mio v1.2.1
   Compiling errno v0.3.14
   Compiling hashbrown v0.14.5
   Compiling glob v0.3.4
   Compiling wasm-compose v0.252.0
   Compiling arrayvec v0.7.7
   Compiling simdutf8 v0.1.5
   Compiling static_assertions v1.1.0
   Compiling windows v0.62.2
   Compiling wasm-wave v0.252.0
   Compiling url v2.5.8
   Compiling rand v0.10.1
   Compiling compact_str v0.10.0
   Compiling fast-glob v1.0.1
   Compiling simd-json v0.18.1
   Compiling tokio v1.53.1
   Compiling dashmap v6.2.1
   Compiling wasm-metadata v0.258.0
   Compiling json-strip-comments v3.1.1
   Compiling nodejs-built-in-modules v1.0.0
   Compiling ureq v3.4.0
   Compiling self_cell v1.2.2
   Compiling wasm-compose v0.258.0
   Compiling wasi-preview1-component-adapter-provider v47.0.4
   Compiling wit-component v0.258.0
   Compiling wit-dylib v0.258.0
   Compiling oxc_resolver v11.24.3
   Compiling componentize-qjs v0.4.5 (C:\Users\ADMIN\AppData\Local\Temp\kyoko-p3-native-toolchain\qjs-port\crates\core)
   Compiling cranelift-frontend v0.134.4
   Compiling cranelift-native v0.134.4
   Compiling wasmtime-wasi-io v47.0.4
   Compiling wasmtime-wizer v47.0.4
   Compiling wasmtime-wasi v47.0.4
    Finished `dev` profile [unoptimized] target(s) in 1m 39s
