warning: `package.homepage` is redundant with `package.repository`
 --> napi\Cargo.toml:8:1
  |
7 | repository.workspace = true
  | ----------
8 | homepage.workspace = true
  | ^^^^^^^^
  |
  = note: `cargo::redundant_homepage` is set to `warn` by default
help: consider removing `package.homepage`
warning: `componentize-qjs-napi` (manifest) generated 1 warning
warning: `package.homepage` is redundant with `package.repository`
 --> crates\core\Cargo.toml:9:1
  |
8 | repository.workspace = true
  | ----------
9 | homepage.workspace = true
  | ^^^^^^^^
  |
  = note: `cargo::redundant_homepage` is set to `warn` by default
help: consider removing `package.homepage`
warning: `componentize-qjs` (manifest) generated 1 warning
warning: `package.homepage` is redundant with `package.repository`
 --> crates\runtime\Cargo.toml:8:1
  |
7 | repository.workspace = true
  | ----------
8 | homepage.workspace = true
  | ^^^^^^^^
  |
  = note: `cargo::redundant_homepage` is set to `warn` by default
help: consider removing `package.homepage`
warning: `componentize-qjs-runtime` (manifest) generated 1 warning
warning: `package.homepage` is redundant with `package.repository`
  --> Cargo.toml:32:1
   |
31 | repository.workspace = true
   | ----------
32 | homepage.workspace = true
   | ^^^^^^^^
   |
   = note: `cargo::redundant_homepage` is set to `warn` by default
help: consider removing `package.homepage`
warning: `componentize-qjs-cli` (manifest) generated 1 warning
    Updating crates.io index
    Updating git repository `https://github.com/bytecodealliance/wasm-tools`
    Updating git submodule `https://github.com/WebAssembly/testsuite`
 Downloading crates ...
  Downloaded cc v1.2.65
  Downloaded convert_case v0.12.0
  Downloaded macro-string v0.2.0
  Downloaded rquickjs v0.13.0
  Downloaded relative-path v2.0.1
  Downloaded rquickjs-macro v0.13.0
  Downloaded rquickjs-core v0.13.0
  Downloaded rquickjs-sys v0.13.0
  Downloaded wasm-encoder v0.258.0
  Downloaded wasm-metadata v0.258.0
  Downloaded wasmparser v0.258.0
  Downloaded wit-bindgen v0.61.1
  Downloaded wit-bindgen-core v0.61.1
  Downloaded wit-bindgen-rust-macro v0.61.1
  Downloaded wit-bindgen-rust v0.61.1
  Downloaded wit-parser v0.258.0
  Downloaded wit-component v0.258.0
   Compiling compiler_builtins v0.1.160 (C:\Users\ADMIN\AppData\Local\Temp\kyoko-p3-native-toolchain\rustup\toolchains\nightly-2026-09-27-x86_64-pc-windows-msvc\lib\rustlib\src\rust\library\compiler-builtins\compiler-builtins)
   Compiling core v0.0.0 (C:\Users\ADMIN\AppData\Local\Temp\kyoko-p3-native-toolchain\rustup\toolchains\nightly-2026-09-27-x86_64-pc-windows-msvc\lib\rustlib\src\rust\library\core)
   Compiling proc-macro2 v1.0.106
   Compiling quote v1.0.46
   Compiling unicode-ident v1.0.24
   Compiling libc v0.2.189
   Compiling wit-bindgen v0.62.0
   Compiling bitflags v2.13.0
   Compiling memchr v2.8.2
   Compiling object v0.39.1
   Compiling prettyplease v0.2.37
   Compiling serde_core v1.0.228
   Compiling std v0.0.0 (C:\Users\ADMIN\AppData\Local\Temp\kyoko-p3-native-toolchain\rustup\toolchains\nightly-2026-09-27-x86_64-pc-windows-msvc\lib\rustlib\src\rust\library\std)
   Compiling log v0.4.33
   Compiling foldhash v0.2.0
   Compiling equivalent v1.0.2
   Compiling allocator-api2 v0.2.21
   Compiling glob v0.3.4
   Compiling libc v0.2.186
   Compiling regex-syntax v0.8.11
   Compiling windows-link v0.2.1
   Compiling minimal-lexical v0.2.1
   Compiling bindgen v0.72.1
   Compiling either v1.16.0
   Compiling rustc-hash v2.1.2
   Compiling shlex v1.3.0
   Compiling find-msvc-tools v0.1.9
   Compiling shlex v2.0.1
   Compiling semver v1.0.28
   Compiling hashbrown v0.17.1
   Compiling libloading v0.8.9
   Compiling anyhow v1.0.104
   Compiling clang-sys v1.8.1
   Compiling zmij v1.0.21
   Compiling itertools v0.13.0
   Compiling serde v1.0.228
   Compiling serde_json v1.0.150
   Compiling nom v7.1.3
   Compiling itoa v1.0.18
   Compiling leb128fmt v0.1.0
   Compiling id-arena v2.3.0
   Compiling cc v1.2.65
   Compiling winnow v1.0.3
   Compiling heck v0.5.0
   Compiling toml_datetime v1.1.1+spec-1.1.0
   Compiling wit-bindgen-rust v0.61.1
   Compiling unicode-segmentation v1.13.3
   Compiling wit-bindgen-rust-macro v0.61.1
   Compiling syn v2.0.118
   Compiling rustversion v1.0.22
   Compiling relative-path v2.0.1
   Compiling ident_case v1.0.1
   Compiling fnv v1.0.7
   Compiling wit-bindgen v0.61.1
   Compiling regex-automata v0.4.18
   Compiling convert_case v0.12.0
   Compiling toml_parser v1.1.2+spec-1.1.0
   Compiling indexmap v2.14.1
   Compiling cexpr v0.6.0
   Compiling wasmparser v0.258.0
   Compiling toml_edit v0.25.12+spec-1.1.0
   Compiling regex v1.13.1
   Compiling proc-macro-crate v3.5.0
   Compiling macro-string v0.2.0
   Compiling serde_derive v1.0.228
   Compiling num_enum_derive v0.7.6
   Compiling wit-parser v0.258.0
   Compiling wasm-encoder v0.258.0
   Compiling rquickjs-sys v0.13.0
   Compiling wasm-metadata v0.258.0
   Compiling wit-component v0.258.0
   Compiling wit-bindgen-core v0.61.1
   Compiling rustc-std-workspace-core v1.99.0 (C:\Users\ADMIN\AppData\Local\Temp\kyoko-p3-native-toolchain\rustup\toolchains\nightly-2026-09-27-x86_64-pc-windows-msvc\lib\rustlib\src\rust\library\rustc-std-workspace-core)
   Compiling alloc v0.0.0 (C:\Users\ADMIN\AppData\Local\Temp\kyoko-p3-native-toolchain\rustup\toolchains\nightly-2026-09-27-x86_64-pc-windows-msvc\lib\rustlib\src\rust\library\alloc)
   Compiling rquickjs-core v0.13.0
   Compiling memchr v2.8.3
   Compiling adler2 v2.0.1
   Compiling rustc-demangle v0.1.28
   Compiling cfg-if v1.0.4
   Compiling rustc-literal-escaper v0.0.8
   Compiling unwind v0.0.0 (C:\Users\ADMIN\AppData\Local\Temp\kyoko-p3-native-toolchain\rustup\toolchains\nightly-2026-09-27-x86_64-pc-windows-msvc\lib\rustlib\src\rust\library\unwind)
   Compiling rquickjs-macro v0.13.0
   Compiling rustc-std-workspace-alloc v1.99.0 (C:\Users\ADMIN\AppData\Local\Temp\kyoko-p3-native-toolchain\rustup\toolchains\nightly-2026-09-27-x86_64-pc-windows-msvc\lib\rustlib\src\rust\library\rustc-std-workspace-alloc)
   Compiling panic_abort v0.0.0 (C:\Users\ADMIN\AppData\Local\Temp\kyoko-p3-native-toolchain\rustup\toolchains\nightly-2026-09-27-x86_64-pc-windows-msvc\lib\rustlib\src\rust\library\panic_abort)
   Compiling panic_unwind v0.0.0 (C:\Users\ADMIN\AppData\Local\Temp\kyoko-p3-native-toolchain\rustup\toolchains\nightly-2026-09-27-x86_64-pc-windows-msvc\lib\rustlib\src\rust\library\panic_unwind)
   Compiling gimli v0.34.0
   Compiling miniz_oxide v0.9.1
   Compiling std_detect v0.1.5 (C:\Users\ADMIN\AppData\Local\Temp\kyoko-p3-native-toolchain\rustup\toolchains\nightly-2026-09-27-x86_64-pc-windows-msvc\lib\rustlib\src\rust\library\std_detect)
   Compiling wasip3 v0.9.0+wasi-0.3.0
   Compiling addr2line v0.27.1
   Compiling proc_macro v0.0.0 (C:\Users\ADMIN\AppData\Local\Temp\kyoko-p3-native-toolchain\rustup\toolchains\nightly-2026-09-27-x86_64-pc-windows-msvc\lib\rustlib\src\rust\library\proc_macro)
   Compiling smallvec v1.15.2
   Compiling wit-dylib-ffi v0.1.0 (https://github.com/bytecodealliance/wasm-tools?tag=v1.258.0#5c6d31c7)
   Compiling num_enum v0.7.6
   Compiling rquickjs v0.13.0
   Compiling componentize-qjs-runtime v0.4.5 (C:\Users\ADMIN\AppData\Local\Temp\kyoko-p3-native-toolchain\qjs-port\crates\runtime)
error: linking with `C:\Users\ADMIN\AppData\Local\Temp\kyoko-p3-native-toolchain\wasi-sdk-34.0-x86_64-windows\bin\clang.exe` failed: exit code: 1
  |
  = note: "C:\\Users\\ADMIN\\AppData\\Local\\Temp\\kyoko-p3-native-toolchain\\wasi-sdk-34.0-x86_64-windows\\bin\\clang.exe" "-Wl,--no-export-dynamic" "-Wl,--export" "-Wl,cabi_post_init" "-Wl,--export" "-Wl,init" "-Wl,--export" "-Wl,wit_dylib_dealloc_bytes" "-Wl,--export" "-Wl,wit_dylib_export_async_call" "-Wl,--export" "-Wl,wit_dylib_export_async_callback" "-Wl,--export" "-Wl,wit_dylib_export_call" "-Wl,--export" "-Wl,wit_dylib_export_finish" "-Wl,--export" "-Wl,wit_dylib_export_start" "-Wl,--export" "-Wl,wit_dylib_initialize" "-Wl,--export" "-Wl,wit_dylib_list_append" "-Wl,--export" "-Wl,wit_dylib_map_append" "-Wl,--export" "-Wl,wit_dylib_pop_bool" "-Wl,--export" "-Wl,wit_dylib_pop_borrow" "-Wl,--export" "-Wl,wit_dylib_pop_char" "-Wl,--export" "-Wl,wit_dylib_pop_enum" "-Wl,--export" "-Wl,wit_dylib_pop_f32" "-Wl,--export" "-Wl,wit_dylib_pop_f64" "-Wl,--export" "-Wl,wit_dylib_pop_flags" "-Wl,--export" "-Wl,wit_dylib_pop_future" "-Wl,--export" "-Wl,wit_dylib_pop_list" "-Wl,--export" "-Wl,wit_dylib_pop_list_iter" "-Wl,--export" "-Wl,wit_dylib_pop_list_iter_next" "-Wl,--export" "-Wl,wit_dylib_pop_map" "-Wl,--export" "-Wl,wit_dylib_pop_map_iter" "-Wl,--export" "-Wl,wit_dylib_pop_map_iter_next" "-Wl,--export" "-Wl,wit_dylib_pop_option" "-Wl,--export" "-Wl,wit_dylib_pop_own" "-Wl,--export" "-Wl,wit_dylib_pop_record" "-Wl,--export" "-Wl,wit_dylib_pop_result" "-Wl,--export" "-Wl,wit_dylib_pop_s16" "-Wl,--export" "-Wl,wit_dylib_pop_s32" "-Wl,--export" "-Wl,wit_dylib_pop_s64" "-Wl,--export" "-Wl,wit_dylib_pop_s8" "-Wl,--export" "-Wl,wit_dylib_pop_stream" "-Wl,--export" "-Wl,wit_dylib_pop_string" "-Wl,--export" "-Wl,wit_dylib_pop_tuple" "-Wl,--export" "-Wl,wit_dylib_pop_u16" "-Wl,--export" "-Wl,wit_dylib_pop_u32" "-Wl,--export" "-Wl,wit_dylib_pop_u64" "-Wl,--export" "-Wl,wit_dylib_pop_u8" "-Wl,--export" "-Wl,wit_dylib_pop_variant" "-Wl,--export" "-Wl,wit_dylib_push_bool" "-Wl,--export" "-Wl,wit_dylib_push_borrow" "-Wl,--export" "-Wl,wit_dylib_push_char" "-Wl,--export" "-Wl,wit_dylib_push_enum" "-Wl,--export" "-Wl,wit_dylib_push_f32" "-Wl,--export" "-Wl,wit_dylib_push_f64" "-Wl,--export" "-Wl,wit_dylib_push_flags" "-Wl,--export" "-Wl,wit_dylib_push_future" "-Wl,--export" "-Wl,wit_dylib_push_list" "-Wl,--export" "-Wl,wit_dylib_push_map" "-Wl,--export" "-Wl,wit_dylib_push_option" "-Wl,--export" "-Wl,wit_dylib_push_own" "-Wl,--export" "-Wl,wit_dylib_push_record" "-Wl,--export" "-Wl,wit_dylib_push_result" "-Wl,--export" "-Wl,wit_dylib_push_s16" "-Wl,--export" "-Wl,wit_dylib_push_s32" "-Wl,--export" "-Wl,wit_dylib_push_s64" "-Wl,--export" "-Wl,wit_dylib_push_s8" "-Wl,--export" "-Wl,wit_dylib_push_stream" "-Wl,--export" "-Wl,wit_dylib_push_string" "-Wl,--export" "-Wl,wit_dylib_push_tuple" "-Wl,--export" "-Wl,wit_dylib_push_u16" "-Wl,--export" "-Wl,wit_dylib_push_u32" "-Wl,--export" "-Wl,wit_dylib_push_u64" "-Wl,--export" "-Wl,wit_dylib_push_u8" "-Wl,--export" "-Wl,wit_dylib_push_variant" "-Wl,--export" "-Wl,wit_dylib_resource_dtor" "-Wl,--export" "-Wl,cabi_realloc" "-Wl,-z" "-Wl,stack-size=1048576" "-Wl,--stack-first" "-Wl,--no-demangle" "crt1-reactor.o" "<1 object files omitted>" "C:\\Users\\ADMIN\\AppData\\Local\\Temp\\kyoko-p3-native-toolchain\\qjs-runtime-target\\wasm32-wasip3\\release\\build\\componentize-qjs-runtime/3a58646927aeaf6d\\out\\rustcXXCkwP/{libwit_bindgen-0ecff878929048af,librquickjs_sys-22ec58f216a85103,libwit_bindgen-b7c5e91819394eb9}.rlib" "-lc" "C:\\Users\\ADMIN\\AppData\\Local\\Temp\\kyoko-p3-native-toolchain\\qjs-runtime-target\\wasm32-wasip3\\release\\build\\compiler_builtins/c22e2845936181e0\\out/libcompiler_builtins-c22e2845936181e0.rlib" "-B<sysroot>\\lib\\rustlib\\x86_64-pc-windows-msvc\\bin\\gcc-ld" "--target=wasm32-wasip3" "-nostartfiles" "-L" "C:\\Users\\ADMIN\\AppData\\Local\\Temp\\kyoko-p3-native-toolchain\\qjs-runtime-target\\wasm32-wasip3\\release\\build\\wit-bindgen/ec3c43e6ea26ea74\\out" "-L" "C:\\Users\\ADMIN\\AppData\\Local\\Temp\\kyoko-p3-native-toolchain\\qjs-runtime-target\\wasm32-wasip3\\release\\build\\rquickjs-sys/db1115936b4e0ded\\out" "-L" "C:\\Users\\ADMIN\\AppData\\Local\\Temp\\kyoko-p3-native-toolchain\\qjs-runtime-target\\wasm32-wasip3\\release\\build\\wit-bindgen/44663f55b32daaa5\\out" "-L" "<sysroot>\\lib\\rustlib\\wasm32-wasip3\\lib\\self-contained" "-o" "C:\\Users\\ADMIN\\AppData\\Local\\Temp\\kyoko-p3-native-toolchain\\qjs-runtime-target\\wasm32-wasip3\\release\\build\\componentize-qjs-runtime/3a58646927aeaf6d\\out\\componentize_qjs_runtime.wasm" "-Wl,--gc-sections" "-static" "-shared" "-Wl,-O1" "-Wl,--strip-debug" "-nodefaultlibs" "--target=wasm32-wasip3" "-shared" "-Wl,--no-entry" "-Wl,--allow-undefined"
  = note: some arguments are omitted. use `--verbose` to show all linker arguments
  = note: clang: error: no such file or directory: 'crt1-reactor.o'
          

error: could not compile `componentize-qjs-runtime` (lib) due to 1 previous error
