    Updating crates.io index
 Downloading crates ...
  Downloaded wasip3 v0.6.0+wasi-0.3.0-rc-2026-03-15
  Downloaded libc v0.2.185
   Compiling compiler_builtins v0.1.160 (C:\Users\ADMIN\.rustup\toolchains\stable-x86_64-pc-windows-msvc\lib\rustlib\src\rust\library\compiler-builtins\compiler-builtins)
   Compiling core v0.0.0 (C:\Users\ADMIN\.rustup\toolchains\stable-x86_64-pc-windows-msvc\lib\rustlib\src\rust\library\core)
   Compiling libc v0.2.185
   Compiling wit-bindgen v0.57.1
   Compiling object v0.37.3
   Compiling std v0.0.0 (C:\Users\ADMIN\.rustup\toolchains\stable-x86_64-pc-windows-msvc\lib\rustlib\src\rust\library\std)
   Compiling rustc-std-workspace-core v1.99.0 (C:\Users\ADMIN\.rustup\toolchains\stable-x86_64-pc-windows-msvc\lib\rustlib\src\rust\library\rustc-std-workspace-core)
   Compiling alloc v0.0.0 (C:\Users\ADMIN\.rustup\toolchains\stable-x86_64-pc-windows-msvc\lib\rustlib\src\rust\library\alloc)
   Compiling memchr v2.7.6
   Compiling adler2 v2.0.1
   Compiling rustc-demangle v0.1.27
   Compiling cfg-if v1.0.4
   Compiling panic_abort v0.0.0 (C:\Users\ADMIN\.rustup\toolchains\stable-x86_64-pc-windows-msvc\lib\rustlib\src\rust\library\panic_abort)
   Compiling rustc-literal-escaper v0.0.7
   Compiling unwind v0.0.0 (C:\Users\ADMIN\.rustup\toolchains\stable-x86_64-pc-windows-msvc\lib\rustlib\src\rust\library\unwind)
   Compiling rustc-std-workspace-alloc v1.99.0 (C:\Users\ADMIN\.rustup\toolchains\stable-x86_64-pc-windows-msvc\lib\rustlib\src\rust\library\rustc-std-workspace-alloc)
   Compiling panic_unwind v0.0.0 (C:\Users\ADMIN\.rustup\toolchains\stable-x86_64-pc-windows-msvc\lib\rustlib\src\rust\library\panic_unwind)
   Compiling gimli v0.32.3
   Compiling miniz_oxide v0.8.9
   Compiling hashbrown v0.17.1
   Compiling std_detect v0.1.5 (C:\Users\ADMIN\.rustup\toolchains\stable-x86_64-pc-windows-msvc\lib\rustlib\src\rust\library\std_detect)
   Compiling wasip3 v0.6.0+wasi-0.3.0-rc-2026-03-15
   Compiling addr2line v0.25.1
   Compiling proc_macro v0.0.0 (C:\Users\ADMIN\.rustup\toolchains\stable-x86_64-pc-windows-msvc\lib\rustlib\src\rust\library\proc_macro)
   Compiling p3-std-spike v0.0.0 (C:\Users\ADMIN\Desktop\nguyenvu\kyoko\docs\research\p3-std-spike)
error: linking with `C:\Users\ADMIN\AppData\Local\Temp\kyoko-p3-native-toolchain\wasi-sdk-34.0-x86_64-windows\bin\wasm-component-ld.exe` failed: exit code: 1
  |
  = note: "C:\\Users\\ADMIN\\AppData\\Local\\Temp\\kyoko-p3-native-toolchain\\wasi-sdk-34.0-x86_64-windows\\bin\\wasm-component-ld.exe" "-flavor" "wasm" "--export" "__main_void" "--export" "cabi_realloc" "--export" "cabi_realloc_wit_bindgen_0_57_1" "-z" "stack-size=1048576" "--stack-first" "--no-demangle" "C:\\Users\\ADMIN\\AppData\\Local\\Temp\\kyoko-p3-native-toolchain\\wasi-sdk-34.0-x86_64-windows\\share\\wasi-sysroot\\lib\\wasm32-wasip3\\crt1-command.o" "<3 object files omitted>" "C:\\Users\\ADMIN\\AppData\\Local\\Temp\\kyoko-p3-native-toolchain\\std-target\\wasm32-wasip3\\release\\deps/{libpanic_abort-a99895dcc52cbcd3,libstd-7996dc18d0226a5e,libwasip3-1a3119bc7e206c46,libwit_bindgen-5f8f347e1d327be3,libcfg_if-7599afec7b3866a7,librustc_demangle-af93c984f697a880,libstd_detect-2616cbbbd80e65fb,libhashbrown-c8988f709dc4422b,librustc_std_workspace_alloc-8dba28a89645c473,libminiz_oxide-d36c6d809e36b3ad,libadler2-887484ff4b3f28ac,libunwind-119538cac32aed81,liblibc-f634fd616c1be5e5}.rlib" "-l" "c" "C:\\Users\\ADMIN\\AppData\\Local\\Temp\\kyoko-p3-native-toolchain\\std-target\\wasm32-wasip3\\release\\deps/{librustc_std_workspace_core-560f1bbf644f7e59,liballoc-db7bc32169315fc8,libcore-a003a4f21129bf1b,libcompiler_builtins-3ec46b3fbc26d807}.rlib" "-L" "C:\\Users\\ADMIN\\AppData\\Local\\Temp\\kyoko-p3-native-toolchain\\wasi-sdk-34.0-x86_64-windows\\share\\wasi-sysroot\\lib\\wasm32-wasip3" "-L" "C:\\Users\\ADMIN\\AppData\\Local\\Temp\\kyoko-p3-native-toolchain\\std-target\\wasm32-wasip3\\release\\build\\wit-bindgen-389b9718fce43fbb\\out" "-L" "<sysroot>\\lib\\rustlib\\wasm32-wasip3\\lib\\self-contained" "-o" "C:\\Users\\ADMIN\\AppData\\Local\\Temp\\kyoko-p3-native-toolchain\\std-target\\wasm32-wasip3\\release\\deps\\p3_std_spike-c46ce08a37ffabc4.wasm" "--gc-sections" "-O2" "--strip-debug"
  = note: some arguments are omitted. use `--verbose` to show all linker arguments
  = note: rust-lld: error: 'atomics' feature must be used in order to use thread-local storage
          rust-lld: error: C:\Users\ADMIN\AppData\Local\Temp\kyoko-p3-native-toolchain\wasi-sdk-34.0-x86_64-windows\share\wasi-sysroot\lib\wasm32-wasip3\libc.a(wasip3_tls.c.obj): undefined symbol: __tls_align
          rust-lld: error: C:\Users\ADMIN\AppData\Local\Temp\kyoko-p3-native-toolchain\wasi-sdk-34.0-x86_64-windows\share\wasi-sysroot\lib\wasm32-wasip3\libc.a(wasip3_tls.c.obj): undefined symbol: __tls_size
          rust-lld: error: C:\Users\ADMIN\AppData\Local\Temp\kyoko-p3-native-toolchain\wasi-sdk-34.0-x86_64-windows\share\wasi-sysroot\lib\wasm32-wasip3\libc.a(wasip3_tls.c.obj): undefined symbol: __wasm_init_tls
          rust-lld: error: C:\Users\ADMIN\AppData\Local\Temp\kyoko-p3-native-toolchain\wasi-sdk-34.0-x86_64-windows\share\wasi-sysroot\lib\wasm32-wasip3\libc.a(__init_tls.c.obj): undefined symbol: __init_stack_pointer
          rust-lld: error: C:\Users\ADMIN\AppData\Local\Temp\kyoko-p3-native-toolchain\wasi-sdk-34.0-x86_64-windows\share\wasi-sysroot\lib\wasm32-wasip3\libc.a(__init_tls.c.obj): undefined symbol: __init_stack_pointer
          rust-lld: error: C:\Users\ADMIN\AppData\Local\Temp\kyoko-p3-native-toolchain\wasi-sdk-34.0-x86_64-windows\share\wasi-sysroot\lib\wasm32-wasip3\libc.a(__init_tls.c.obj): undefined symbol: __init_stack_pointer
          rust-lld: error: C:\Users\ADMIN\AppData\Local\Temp\kyoko-p3-native-toolchain\wasi-sdk-34.0-x86_64-windows\share\wasi-sysroot\lib\wasm32-wasip3\libc.a(__init_tls.c.obj): undefined symbol: __init_stack_pointer
          rust-lld: error: C:\Users\ADMIN\AppData\Local\Temp\kyoko-p3-native-toolchain\wasi-sdk-34.0-x86_64-windows\share\wasi-sysroot\lib\wasm32-wasip3\libc.a(__init_tls.c.obj): undefined symbol: __init_stack_pointer
          error: failed to invoke LLD: exit code: 1
          

error: could not compile `p3-std-spike` (bin "p3-std-spike") due to 1 previous error
