   Compiling p3-std-spike v0.0.0 (C:\Users\ADMIN\Desktop\nguyenvu\kyoko\docs\research\p3-std-spike)
error: linking with `C:\Users\ADMIN\AppData\Local\Temp\kyoko-p3-native-toolchain\wasi-sdk-34.0-x86_64-windows\bin\wasm-component-ld.exe` failed: exit code: 1
  |
  = note: "C:\\Users\\ADMIN\\AppData\\Local\\Temp\\kyoko-p3-native-toolchain\\wasi-sdk-34.0-x86_64-windows\\bin\\wasm-component-ld.exe" "-flavor" "wasm" "--export" "__main_void" "--export" "cabi_realloc" "--export" "cabi_realloc_wit_bindgen_0_57_1" "-z" "stack-size=1048576" "--stack-first" "--no-demangle" "C:\\Users\\ADMIN\\AppData\\Local\\Temp\\kyoko-p3-native-toolchain\\wasi-sdk-34.0-x86_64-windows\\share\\wasi-sysroot\\lib\\wasm32-wasip3\\crt1-command.o" "<3 object files omitted>" "C:\\Users\\ADMIN\\AppData\\Local\\Temp\\kyoko-p3-native-toolchain\\std-target\\wasm32-wasip3\\release\\deps/{libpanic_abort-a99895dcc52cbcd3,libstd-7996dc18d0226a5e,libwasip3-1a3119bc7e206c46,libwit_bindgen-5f8f347e1d327be3,libcfg_if-7599afec7b3866a7,librustc_demangle-af93c984f697a880,libstd_detect-2616cbbbd80e65fb,libhashbrown-c8988f709dc4422b,librustc_std_workspace_alloc-8dba28a89645c473,libminiz_oxide-d36c6d809e36b3ad,libadler2-887484ff4b3f28ac,libunwind-119538cac32aed81,liblibc-f634fd616c1be5e5}.rlib" "-l" "c" "C:\\Users\\ADMIN\\AppData\\Local\\Temp\\kyoko-p3-native-toolchain\\std-target\\wasm32-wasip3\\release\\deps/{librustc_std_workspace_core-560f1bbf644f7e59,liballoc-db7bc32169315fc8,libcore-a003a4f21129bf1b,libcompiler_builtins-3ec46b3fbc26d807}.rlib" "-L" "C:\\Users\\ADMIN\\AppData\\Local\\Temp\\kyoko-p3-native-toolchain\\wasi-sdk-34.0-x86_64-windows\\share\\wasi-sysroot\\lib\\wasm32-wasip3" "-L" "C:\\Users\\ADMIN\\AppData\\Local\\Temp\\kyoko-p3-native-toolchain\\std-target\\wasm32-wasip3\\release\\build\\wit-bindgen-389b9718fce43fbb\\out" "-L" "<sysroot>\\lib\\rustlib\\wasm32-wasip3\\lib\\self-contained" "-o" "C:\\Users\\ADMIN\\AppData\\Local\\Temp\\kyoko-p3-native-toolchain\\std-target\\wasm32-wasip3\\release\\deps\\p3_std_spike-ac2968c9fa784e65.wasm" "--gc-sections" "-O2" "--strip-debug" "--wasm-ld-path=C:\\Users\\ADMIN\\AppData\\Local\\Temp\\kyoko-p3-native-toolchain\\wasi-sdk-34.0-x86_64-windows\\bin\\wasm-ld.exe" "--cooperative-threading"
  = note: some arguments are omitted. use `--verbose` to show all linker arguments
  = note: wasm-ld: error: C:\Users\ADMIN\AppData\Local\Temp\kyoko-p3-native-toolchain\std-target\wasm32-wasip3\release\deps\p3_std_spike-ac2968c9fa784e65.p3_std_spike.16102c459643fb41-cgu.0.rcgu.o: object file uses globals for thread context, but --cooperative-threading was specified
          wasm-ld: error: C:\Users\ADMIN\AppData\Local\Temp\kyoko-p3-native-toolchain\std-target\wasm32-wasip3\release\deps\p3_std_spike-ac2968c9fa784e65.p3_std_spike.16102c459643fb41-cgu.1.rcgu.o: object file uses globals for thread context, but --cooperative-threading was specified
          wasm-ld: error: std-7996dc18d0226a5e.std.464e63c60a4fbb12-cgu.01.rcgu.o: object file uses globals for thread context, but --cooperative-threading was specified
          wasm-ld: error: std-7996dc18d0226a5e.std.464e63c60a4fbb12-cgu.00.rcgu.o: object file uses globals for thread context, but --cooperative-threading was specified
          wasm-ld: error: std-7996dc18d0226a5e.std.464e63c60a4fbb12-cgu.02.rcgu.o: object file uses globals for thread context, but --cooperative-threading was specified
          wasm-ld: error: std-7996dc18d0226a5e.std.464e63c60a4fbb12-cgu.03.rcgu.o: object file uses globals for thread context, but --cooperative-threading was specified
          wasm-ld: error: std-7996dc18d0226a5e.std.464e63c60a4fbb12-cgu.04.rcgu.o: object file uses globals for thread context, but --cooperative-threading was specified
          wasm-ld: error: std-7996dc18d0226a5e.std.464e63c60a4fbb12-cgu.05.rcgu.o: object file uses globals for thread context, but --cooperative-threading was specified
          wasm-ld: error: std-7996dc18d0226a5e.std.464e63c60a4fbb12-cgu.06.rcgu.o: object file uses globals for thread context, but --cooperative-threading was specified
          wasm-ld: error: std-7996dc18d0226a5e.std.464e63c60a4fbb12-cgu.07.rcgu.o: object file uses globals for thread context, but --cooperative-threading was specified
          wasm-ld: error: std-7996dc18d0226a5e.std.464e63c60a4fbb12-cgu.08.rcgu.o: object file uses globals for thread context, but --cooperative-threading was specified
          wasm-ld: error: std-7996dc18d0226a5e.std.464e63c60a4fbb12-cgu.09.rcgu.o: object file uses globals for thread context, but --cooperative-threading was specified
          wasm-ld: error: std-7996dc18d0226a5e.std.464e63c60a4fbb12-cgu.10.rcgu.o: object file uses globals for thread context, but --cooperative-threading was specified
          wasm-ld: error: std-7996dc18d0226a5e.std.464e63c60a4fbb12-cgu.11.rcgu.o: object file uses globals for thread context, but --cooperative-threading was specified
          wasm-ld: error: std-7996dc18d0226a5e.std.464e63c60a4fbb12-cgu.12.rcgu.o: object file uses globals for thread context, but --cooperative-threading was specified
          wasm-ld: error: std-7996dc18d0226a5e.std.464e63c60a4fbb12-cgu.13.rcgu.o: object file uses globals for thread context, but --cooperative-threading was specified
          wasm-ld: error: std-7996dc18d0226a5e.std.464e63c60a4fbb12-cgu.14.rcgu.o: object file uses globals for thread context, but --cooperative-threading was specified
          wasm-ld: error: std-7996dc18d0226a5e.std.464e63c60a4fbb12-cgu.15.rcgu.o: object file uses globals for thread context, but --cooperative-threading was specified
          wasm-ld: error: wasip3-1a3119bc7e206c46.wasip3.9dc34c7eeab2cb8f-cgu.2.rcgu.o: object file uses globals for thread context, but --cooperative-threading was specified
          wasm-ld: error: wasip3-1a3119bc7e206c46.wasip3.9dc34c7eeab2cb8f-cgu.3.rcgu.o: object file uses globals for thread context, but --cooperative-threading was specified
          wasm-ld: error: too many errors emitted, stopping now (use -error-limit=0 to see all errors)
          error: failed to invoke LLD: exit code: 1
          

error: could not compile `p3-std-spike` (bin "p3-std-spike") due to 1 previous error
