 Downloading crates ...
  Downloaded addr2line v0.27.1
  Downloaded rustc-literal-escaper v0.0.8
  Downloaded gimli v0.34.0
   Compiling compiler_builtins v0.1.160 (C:\Users\ADMIN\AppData\Local\Temp\kyoko-p3-native-toolchain\rustup\toolchains\nightly-2026-09-27-x86_64-pc-windows-msvc\lib\rustlib\src\rust\library\compiler-builtins\compiler-builtins)
   Compiling core v0.0.0 (C:\Users\ADMIN\AppData\Local\Temp\kyoko-p3-native-toolchain\rustup\toolchains\nightly-2026-09-27-x86_64-pc-windows-msvc\lib\rustlib\src\rust\library\core)
   Compiling libc v0.2.189
   Compiling wit-bindgen v0.62.0
   Compiling object v0.39.1
   Compiling std v0.0.0 (C:\Users\ADMIN\AppData\Local\Temp\kyoko-p3-native-toolchain\rustup\toolchains\nightly-2026-09-27-x86_64-pc-windows-msvc\lib\rustlib\src\rust\library\std)
   Compiling rustc-std-workspace-core v1.99.0 (C:\Users\ADMIN\AppData\Local\Temp\kyoko-p3-native-toolchain\rustup\toolchains\nightly-2026-09-27-x86_64-pc-windows-msvc\lib\rustlib\src\rust\library\rustc-std-workspace-core)
   Compiling alloc v0.0.0 (C:\Users\ADMIN\AppData\Local\Temp\kyoko-p3-native-toolchain\rustup\toolchains\nightly-2026-09-27-x86_64-pc-windows-msvc\lib\rustlib\src\rust\library\alloc)
   Compiling adler2 v2.0.1
   Compiling memchr v2.8.3
   Compiling cfg-if v1.0.4
   Compiling rustc-demangle v0.1.28
   Compiling rustc-literal-escaper v0.0.8
   Compiling unwind v0.0.0 (C:\Users\ADMIN\AppData\Local\Temp\kyoko-p3-native-toolchain\rustup\toolchains\nightly-2026-09-27-x86_64-pc-windows-msvc\lib\rustlib\src\rust\library\unwind)
   Compiling rustc-std-workspace-alloc v1.99.0 (C:\Users\ADMIN\AppData\Local\Temp\kyoko-p3-native-toolchain\rustup\toolchains\nightly-2026-09-27-x86_64-pc-windows-msvc\lib\rustlib\src\rust\library\rustc-std-workspace-alloc)
   Compiling panic_unwind v0.0.0 (C:\Users\ADMIN\AppData\Local\Temp\kyoko-p3-native-toolchain\rustup\toolchains\nightly-2026-09-27-x86_64-pc-windows-msvc\lib\rustlib\src\rust\library\panic_unwind)
   Compiling panic_abort v0.0.0 (C:\Users\ADMIN\AppData\Local\Temp\kyoko-p3-native-toolchain\rustup\toolchains\nightly-2026-09-27-x86_64-pc-windows-msvc\lib\rustlib\src\rust\library\panic_abort)
   Compiling gimli v0.34.0
   Compiling hashbrown v0.17.1
   Compiling miniz_oxide v0.9.1
   Compiling std_detect v0.1.5 (C:\Users\ADMIN\AppData\Local\Temp\kyoko-p3-native-toolchain\rustup\toolchains\nightly-2026-09-27-x86_64-pc-windows-msvc\lib\rustlib\src\rust\library\std_detect)
   Compiling wasip3 v0.9.0+wasi-0.3.0
   Compiling addr2line v0.27.1
   Compiling proc_macro v0.0.0 (C:\Users\ADMIN\AppData\Local\Temp\kyoko-p3-native-toolchain\rustup\toolchains\nightly-2026-09-27-x86_64-pc-windows-msvc\lib\rustlib\src\rust\library\proc_macro)
   Compiling p3-std-spike v0.0.0 (C:\Users\ADMIN\Desktop\nguyenvu\kyoko\docs\research\p3-std-spike)
    Finished `release` profile [optimized] target(s) in 30.88s
